\BOOKMARK [1][-]{section*.1}{\376\377\004\040\004\025\004\044\004\025\004\040\004\020\004\042}{}% 1
\BOOKMARK [1][-]{section*.2}{\376\377\004\022\004\022\004\025\004\024\004\025\004\035\004\030\004\025}{}% 2
\BOOKMARK [1][-]{section.1}{\376\377\004\020\004\075\004\060\004\073\004\070\004\102\004\070\004\107\004\065\004\101\004\072\004\070\004\071\000\040\004\100\004\060\004\067\004\064\004\065\004\073}{}% 3
\BOOKMARK [2][-]{subsection.1.1}{\376\377\004\020\004\075\004\060\004\073\004\070\004\067\000\040\004\077\004\100\004\065\004\064\004\074\004\065\004\102\004\075\004\076\004\071\000\040\004\076\004\061\004\073\004\060\004\101\004\102\004\070}{section.1}% 4
\BOOKMARK [2][-]{subsection.1.2}{\376\377\004\041\004\100\004\060\004\062\004\075\004\070\004\102\004\065\004\073\004\114\004\075\004\113\004\071\000\040\004\060\004\075\004\060\004\073\004\070\004\067\000\040\004\101\004\103\004\111\004\065\004\101\004\102\004\062\004\103\004\116\004\111\004\070\004\105\000\040\004\101\004\070\004\101\004\102\004\065\004\074}{section.1}% 5
\BOOKMARK [2][-]{subsection.1.3}{\376\377\004\042\004\100\004\065\004\061\004\076\004\062\004\060\004\075\004\070\004\117\000\040\004\072\000\040\004\061\004\060\004\067\004\065\000\040\004\064\004\060\004\075\004\075\004\113\004\105\000\040\004\070\000\040\004\077\004\100\004\070\004\073\004\076\004\066\004\065\004\075\004\070\004\116}{section.1}% 6
\BOOKMARK [2][-]{subsection.1.4}{\376\377\004\044\004\076\004\100\004\074\004\060\004\073\004\070\004\067\004\060\004\106\004\070\004\117\000\040\004\064\004\060\004\075\004\075\004\113\004\105\000\040\004\070\000\040\004\101\004\062\004\117\004\067\004\065\004\071\000\040\004\074\004\065\004\066\004\064\004\103\000\040\004\075\004\070\004\074\004\070}{section.1}% 7
\BOOKMARK [2][-]{subsection.1.5}{\376\377\004\020\004\075\004\060\004\073\004\070\004\067\000\040\004\074\004\076\004\064\004\065\004\073\004\065\004\071\000\040\004\064\004\060\004\075\004\075\004\113\004\105}{section.1}% 8
\BOOKMARK [2][-]{subsection.1.6}{\376\377\004\044\004\076\004\100\004\074\004\060\004\073\004\070\004\067\004\060\004\106\004\070\004\117\000\040\004\070\000\040\004\076\004\077\004\070\004\101\004\060\004\075\004\070\004\065\000\040\004\077\004\076\004\073\004\114\004\067\004\076\004\062\004\060\004\102\004\065\004\073\004\065\004\071}{section.1}% 9
\BOOKMARK [2][-]{subsection.1.7}{\376\377\004\022\004\113\004\062\004\076\004\064}{section.1}% 10
\BOOKMARK [1][-]{section.2}{\376\377\004\032\004\076\004\075\004\101\004\102\004\100\004\103\004\072\004\102\004\076\004\100\004\101\004\072\004\070\004\071\000\040\004\100\004\060\004\067\004\064\004\065\004\073}{}% 11
\BOOKMARK [2][-]{subsection.2.1}{\376\377\004\037\004\100\004\076\004\065\004\072\004\102\004\070\004\100\004\076\004\062\004\060\004\075\004\070\004\065\000\040\004\061\004\060\004\067\004\113\000\040\004\064\004\060\004\075\004\075\004\113\004\105}{section.2}% 12
\BOOKMARK [2][-]{subsection.2.2}{\376\377\004\037\004\100\004\076\004\065\004\072\004\102\004\070\004\100\004\076\004\062\004\060\004\075\004\070\004\065\000\040\004\104\004\103\004\075\004\072\004\106\004\070\004\070}{section.2}% 13
\BOOKMARK [2][-]{subsection.2.3}{\376\377\004\037\004\100\004\076\004\065\004\072\004\102\004\070\004\100\004\076\004\062\004\060\004\075\004\070\004\065\000\040\004\100\004\076\004\073\004\065\004\062\004\076\004\071\000\040\004\074\004\076\004\064\004\065\004\073\004\070}{section.2}% 14
\BOOKMARK [2][-]{subsection.2.4}{\376\377\004\037\004\100\004\076\004\065\004\072\004\102\004\070\004\100\004\076\004\062\004\060\004\075\004\070\004\065\000\040\004\077\004\100\004\070\004\073\004\076\004\066\004\065\004\075\004\070\004\117}{section.2}% 15
\BOOKMARK [2][-]{subsection.2.5}{\376\377\004\022\004\113\004\062\004\076\004\064}{section.2}% 16
\BOOKMARK [1][-]{section.3}{\376\377\004\042\004\065\004\105\004\075\004\076\004\073\004\076\004\063\004\070\004\107\004\065\004\101\004\072\004\070\004\071\000\040\004\100\004\060\004\067\004\064\004\065\004\073}{}% 17
\BOOKMARK [1][-]{section.4}{\376\377\004\030\004\101\004\101\004\073\004\065\004\064\004\076\004\062\004\060\004\102\004\065\004\073\004\114\004\101\004\072\004\070\004\071\000\040\004\100\004\060\004\067\004\064\004\065\004\073}{}% 18
\BOOKMARK [2][-]{subsection.4.1}{\376\377\004\022\004\113\004\062\004\076\004\064}{section.4}% 19
\BOOKMARK [1][-]{section*.20}{\376\377\004\027\004\020\004\032\004\033\004\056\004\047\004\025\004\035\004\030\004\025}{}% 20
\BOOKMARK [1][-]{section*.21}{\376\377\004\041\004\037\004\030\004\041\004\036\004\032\000\040\004\030\004\041\004\037\004\036\004\033\004\054\004\027\004\036\004\022\004\020\004\035\004\035\004\053\004\045\000\040\004\030\004\041\004\042\004\036\004\047\004\035\004\030\004\032\004\036\004\022}{}% 21
\BOOKMARK [1][-]{section*.22}{\376\377\004\037\004\040\004\030\004\033\004\036\004\026\004\025\004\035\004\030\004\025\000\040\004\020}{}% 22
